// Bun Snapshot v1, https://bun.sh/docs/test/snapshots

exports[`AppSchema carries every table and column it was built with 1`] = `
{
  "account": [
    "_tag",
    "deviceId",
    "id",
    "name",
  ],
  "accountCashRegister": [
    "currency",
    "id",
  ],
  "accountIban": [
    "currency",
    "iban",
    "id",
  ],
  "accountLud16": [
    "gatewayToken",
    "gatewayUrl",
    "id",
    "lud16",
  ],
  "accountNwc": [
    "credentials",
    "id",
  ],
  "accountSpark": [
    "id",
    "mnemonic",
  ],
  "accountThunderBridge": [
    "fioReadToken",
    "gatewayToken",
    "gatewayUrl",
    "iban",
    "id",
    "lud16",
  ],
  "aiAgent": [
    "deviceId",
    "id",
    "label",
    "lastUsedAt",
    "tokenHash",
  ],
  "aiAgentScope": [
    "aiAgentId",
    "id",
    "scope",
  ],
  "aiAssistantSettings": [
    "googleApiKey",
    "id",
  ],
  "billingInfo": [
    "countryCode",
    "id",
  ],
  "billingInfoAddress": [
    "city",
    "descriptiveNumber",
    "id",
    "postalCode",
    "street",
  ],
  "billingInfoCz": [
    "caseNumber",
    "id",
    "identificationNumber",
    "vatNumber",
    "vatPayer",
  ],
  "billingSettings": [
    "defaultBankTransferCzKey",
    "defaultCurrency",
    "defaultLnSparkKey",
    "defaultLnZapKey",
    "defaultPaymentMethod",
    "defaultPaymentMethodBankAccountKey",
    "defaultTimezone",
    "exchangeRateSource",
    "id",
    "ownContactId",
    "venueName",
  ],
  "billingSettingsTaxRate": [
    "id",
    "name",
    "rate",
  ],
  "catalogItem": [
    "categoryId",
    "costPrice",
    "currency",
    "deviceId",
    "id",
    "internalCode",
    "label",
    "price",
    "productCodeType",
    "productCodeValue",
    "unitOfMeasure",
  ],
  "category": [
    "deviceId",
    "id",
    "name",
  ],
  "client": [
    "countryCode",
    "deviceId",
    "email",
    "id",
    "label",
    "name",
  ],
  "clientAddress": [
    "city",
    "descriptiveNumber",
    "id",
    "postalCode",
    "street",
  ],
  "clientCz": [
    "caseNumber",
    "id",
    "identificationNumber",
    "vatNumber",
    "vatPayer",
  ],
  "contact": [
    "deviceId",
    "email",
    "id",
    "label",
    "name",
    "phone",
  ],
  "contactAccount": [
    "_tag",
    "contactId",
    "deviceId",
    "id",
    "name",
  ],
  "contactAccountIban": [
    "currency",
    "iban",
    "id",
  ],
  "contactAccountLud16": [
    "id",
    "lud16",
  ],
  "contactAddress": [
    "city",
    "descriptiveNumber",
    "id",
    "postalCode",
    "street",
  ],
  "contactBillingInfo": [
    "countryCode",
    "id",
  ],
  "contactBillingInfoCz": [
    "caseNumber",
    "id",
    "identificationNumber",
    "vatNumber",
    "vatPayer",
  ],
  "contactNostr": [
    "contactId",
    "id",
    "name",
    "npub",
  ],
  "device": [
    "browserName",
    "deviceType",
    "deviceVendor",
    "id",
    "name",
    "osName",
  ],
  "fioPlugin": [
    "apiUrl",
    "id",
    "isActive",
    "numberOfSecondsBetweenChecks",
  ],
  "fioPluginToken": [
    "fioPluginId",
    "id",
    "token",
  ],
  "invoice": [
    "currency",
    "deviceId",
    "dueDate",
    "id",
    "invoiceId",
    "invoiceNumber",
    "issueDate",
    "paymentIban",
    "paymentMethod",
  ],
  "invoiceCustomer": [
    "email",
    "id",
    "label",
    "name",
    "phone",
    "sourceContactId",
  ],
  "invoiceCustomerAddress": [
    "city",
    "descriptiveNumber",
    "id",
    "postalCode",
    "street",
  ],
  "invoiceCustomerBillingInfo": [
    "countryCode",
    "id",
  ],
  "invoiceCustomerBillingInfoCz": [
    "caseNumber",
    "id",
    "identificationNumber",
    "vatNumber",
    "vatPayer",
  ],
  "invoiceEmailSettings": [
    "body",
    "enable",
    "id",
    "subject",
  ],
  "invoiceItemLine": [
    "catalogItemId",
    "id",
    "invoiceId",
    "itemId",
    "quantity",
    "totalAmount",
  ],
  "invoiceLastNumber": [
    "date",
    "id",
    "serialNumber",
  ],
  "invoiceNumberSeries": [
    "dayFormat",
    "id",
    "monthFormat",
    "prefix",
    "serialNumberDigits",
    "yearFormat",
  ],
  "invoiceSettings": [
    "defaultDueDateDays",
    "defaultPaymentMethod",
    "id",
  ],
  "invoiceSupplier": [
    "email",
    "id",
    "label",
    "name",
    "phone",
    "sourceContactId",
  ],
  "invoiceSupplierAddress": [
    "city",
    "descriptiveNumber",
    "id",
    "postalCode",
    "street",
  ],
  "invoiceSupplierBillingInfo": [
    "countryCode",
    "id",
  ],
  "invoiceSupplierBillingInfoCz": [
    "caseNumber",
    "id",
    "identificationNumber",
    "vatNumber",
    "vatPayer",
  ],
  "invoiceWatchingState": [
    "id",
    "proveType",
    "stopReason",
    "stoppedAt",
    "transactionId",
    "verifiedAt",
  ],
  "item": [
    "catalogItemId",
    "categoryId",
    "currency",
    "id",
    "internalCode",
    "label",
    "price",
    "productCodeType",
    "productCodeValue",
    "unitOfMeasure",
  ],
  "menu": [
    "deviceId",
    "id",
    "name",
    "publishedAt",
    "status",
    "validFrom",
    "validTo",
  ],
  "menuCategory": [
    "id",
    "menuId",
    "name",
  ],
  "menuItemLine": [
    "availabilityStatus",
    "catalogItemId",
    "id",
    "itemId",
    "menuCategoryId",
  ],
  "openingHoursExceptionDay": [
    "date",
    "id",
    "mode",
    "note",
    "openingHoursSettingsId",
  ],
  "openingHoursExceptionSlot": [
    "closeMinute",
    "id",
    "openMinute",
    "openingHoursExceptionDayId",
    "sortOrder",
  ],
  "openingHoursRegularSlot": [
    "closeMinute",
    "id",
    "openMinute",
    "openingHoursSettingsId",
    "sortOrder",
    "validFrom",
    "validTo",
    "weekday",
  ],
  "openingHoursSettings": [
    "deviceId",
    "holidayCountryCode",
    "holidayMode",
    "holidayObservedMode",
    "holidayRegionCode",
    "id",
    "timezone",
  ],
  "payment": [
    "currency",
    "deviceId",
    "direction",
    "id",
    "tipAmount",
    "totalAmount",
  ],
  "paymentBankTransferCZ": [
    "iban",
    "id",
    "variableSymbol",
  ],
  "paymentCash": [
    "accountId",
    "id",
  ],
  "paymentCounterparty": [
    "email",
    "id",
    "label",
    "name",
    "phone",
    "sourceContactId",
  ],
  "paymentDefaultMethod": [
    "accountId",
    "id",
    "pausedAt",
    "type",
  ],
  "paymentItemLine": [
    "catalogItemId",
    "id",
    "itemId",
    "optionalityChecked",
    "paymentId",
    "posBillId",
    "posBillItemId",
    "quantity",
    "totalAmount",
  ],
  "paymentLnBridge": [
    "accountId",
    "amount",
    "expirationIn",
    "gatewayPaymentId",
    "id",
    "lnInvoice",
    "paymentHash",
  ],
  "paymentLnNwc": [
    "accountId",
    "amount",
    "expirationIn",
    "id",
    "lnInvoice",
    "paymentHash",
  ],
  "paymentLnSpark": [
    "accountId",
    "amount",
    "expirationIn",
    "id",
    "lnInvoice",
    "paymentHash",
    "sparkInvoiceId",
  ],
  "paymentLnZap": [
    "accountId",
    "amount",
    "expirationIn",
    "id",
    "lnInvoice",
    "paymentHash",
    "privateKey",
    "walletPubkey",
  ],
  "paymentReceipt": [
    "currency",
    "deviceId",
    "id",
    "issuedAt",
    "paymentCreatedAt",
    "receiptNumber",
    "totalAmount",
  ],
  "paymentReceiptItemLine": [
    "id",
    "kind",
    "label",
    "paymentReceiptId",
    "quantity",
    "sortOrder",
    "totalAmount",
    "unitOfMeasure",
    "unitPrice",
  ],
  "paymentReceiptLastNumber": [
    "date",
    "id",
    "serialNumber",
  ],
  "paymentReceiptNumberSeries": [
    "dayFormat",
    "id",
    "monthFormat",
    "prefix",
    "serialNumberDigits",
    "yearFormat",
  ],
  "paymentReceiptSupplier": [
    "email",
    "id",
    "label",
    "name",
    "phone",
  ],
  "paymentReceiptSupplierAddress": [
    "city",
    "descriptiveNumber",
    "id",
    "postalCode",
    "street",
  ],
  "paymentReceiptSupplierBillingInfo": [
    "countryCode",
    "id",
  ],
  "paymentReceiptSupplierBillingInfoCz": [
    "caseNumber",
    "id",
    "identificationNumber",
    "vatNumber",
    "vatPayer",
  ],
  "paymentWatchingState": [
    "id",
    "proveType",
    "stopReason",
    "stoppedAt",
    "transactionId",
    "verifiedAt",
  ],
  "paymentWebData": [
    "id",
    "merchantName",
    "onSuccessfulPaymentRedirectUrl",
    "onSuccessfulPaymentTag",
    "privateKey",
    "webPaymentEventId",
  ],
  "posBill": [
    "closedAt",
    "currency",
    "deviceId",
    "displayId",
    "id",
    "label",
    "paymentId",
    "tableId",
  ],
  "posBillItemLine": [
    "_tag",
    "catalogItemId",
    "deviceId",
    "id",
    "itemId",
    "posBillId",
    "quantity",
    "totalAmount",
  ],
  "posBillRate": [
    "billId",
    "currency",
    "id",
    "rate",
  ],
  "reconciliationClaim": [
    "confidence",
    "createdBy",
    "deviceId",
    "entityId",
    "entityType",
    "id",
    "rule",
    "sourceId",
    "sourceType",
  ],
  "reconciliationClaimAllocation": [
    "amount",
    "claimId",
    "componentType",
    "id",
  ],
  "reservation": [
    "_tag",
    "deviceId",
    "endAt",
    "id",
    "note",
    "startAt",
    "tableId",
  ],
  "reservationBlock": [
    "id",
    "label",
  ],
  "reservationBooking": [
    "approvalStatus",
    "email",
    "id",
    "name",
    "numberOfPeople",
    "phone",
    "serviceStatus",
    "source",
    "statusReason",
  ],
  "smtp": [
    "email",
    "id",
    "name",
    "password",
    "port",
    "server",
    "username",
  ],
  "table": [
    "deviceId",
    "id",
    "label",
    "numberOfSeats",
  ],
  "tableCode": [
    "code",
    "id",
    "tableId",
  ],
  "transaction": [
    "_tag",
    "accountId",
    "amount",
    "currency",
    "deviceId",
    "id",
    "internalTransferGroupId",
    "note",
    "occurredAt",
  ],
  "transactionCashRegister": [
    "id",
  ],
  "transactionIban": [
    "bankReference",
    "constantSymbol",
    "id",
    "specificSymbol",
    "variableSymbol",
  ],
  "transactionLud16": [
    "id",
    "lnInvoice",
    "paymentHash",
  ],
  "transactionNwc": [
    "id",
    "nwcEventId",
    "nwcRequestId",
  ],
  "transactionSpark": [
    "id",
    "lnInvoice",
    "paymentHash",
    "preImage",
    "sparkTransferId",
  ],
  "waiter": [
    "deviceId",
    "id",
    "name",
  ],
}
`;

exports[`AppSchema still marks the same columns as foreign keys to index 1`] = `
[
  "aiAgentScope_aiAgentId",
  "billingSettings_defaultBankTransferCzKey",
  "billingSettings_defaultLnSparkKey",
  "billingSettings_defaultLnZapKey",
  "billingSettings_defaultPaymentMethodBankAccountKey",
  "catalogItem_categoryId",
  "contactAccount_contactId",
  "contactNostr_contactId",
  "fioPluginToken_fioPluginId",
  "invoiceCustomer_sourceContactId",
  "invoiceItemLine_catalogItemId",
  "invoiceItemLine_invoiceId",
  "invoiceItemLine_itemId",
  "invoiceSupplier_sourceContactId",
  "invoiceWatchingState_transactionId",
  "item_catalogItemId",
  "item_categoryId",
  "menuCategory_menuId",
  "menuItemLine_catalogItemId",
  "menuItemLine_itemId",
  "menuItemLine_menuCategoryId",
  "openingHoursExceptionDay_openingHoursSettingsId",
  "openingHoursExceptionSlot_openingHoursExceptionDayId",
  "openingHoursRegularSlot_openingHoursSettingsId",
  "paymentCash_accountId",
  "paymentCounterparty_sourceContactId",
  "paymentDefaultMethod_accountId",
  "paymentItemLine_catalogItemId",
  "paymentItemLine_itemId",
  "paymentItemLine_paymentId",
  "paymentItemLine_posBillId",
  "paymentItemLine_posBillItemId",
  "paymentLnBridge_accountId",
  "paymentLnNwc_accountId",
  "paymentLnSpark_accountId",
  "paymentLnZap_accountId",
  "paymentReceiptItemLine_paymentReceiptId",
  "paymentReceipt_deviceId",
  "paymentWatchingState_transactionId",
  "posBillItemLine_catalogItemId",
  "posBillItemLine_itemId",
  "posBillItemLine_posBillId",
  "posBillRate_billId",
  "posBill_paymentId",
  "posBill_tableId",
  "reconciliationClaimAllocation_claimId",
  "reconciliationClaim_entityId",
  "reconciliationClaim_sourceId",
  "reservation_tableId",
  "tableCode_tableId",
  "transaction_accountId",
]
`;
